// Jest Snapshot v1, https://goo.gl/fbAQLP

exports[`should render a default table cell 1`] = `
<td
  data-terra-table-cell={true}
>
  Table Data
</td>
`;
